2024-06-08 10:15:30 - INFO: Application started
2024-06-08 10:16:45 - WARNING: Memory usage high
2024-06-08 10:17:20 - ERROR: Database connection failed
2024-06-08 10:18:05 - INFO: User logged in
2024-06-08 10:19:30 - ERROR: File not found
2024-06-08 10:20:15 - WARNING: CPU temperature exceeded threshold
2024-06-08 10:21:00 - INFO: Application stopped
2024-06-08 10:22:30 - ERROR: Server crashed
2024-06-08 10:23:15 - INFO: User logged out
2024-06-08 10:24:00 - WARNING: Disk space running low
2024-06-08 10:25:45 - ERROR: Security breach detected
2024-06-08 10:26:30 - INFO: System update installed
2024-06-08 10:27:15 - WARNING: Network connectivity issues
2024-06-08 10:28:00 - ERROR: Configuration file corrupted
2024-06-08 10:29:30 - INFO: Database backup completed
2024-06-08 10:30:15 - WARNING: Service temporarily unavailable
2024-06-08 10:31:00 - ERROR: Out of memory error
2024-06-08 10:32:30 - INFO: Application restarted
2024-06-08 10:33:15 - WARNING: Unauthorized access attempted
2024-06-08 10:34:00 - ERROR: Disk failure detected
2024-06-08 10:35:45 - INFO: System shutdown initiated
2024-06-08 10:36:30 - WARNING: Critical system error
2024-06-08 10:37:15 - ERROR: Database query failed
2024-06-08 10:38:00 - INFO: System startup completed
2024-06-08 10:39:30 - WARNING: Server overload detected
2024-06-08 10:40:15 - ERROR: Network outage
2024-06-08 10:41:00 - INFO: User session expired
2024-06-08 10:42:30 - WARNING: Software update available
2024-06-08 10:43:15 - ERROR: Server misconfiguration
2024-06-08 10:44:00 - INFO: System maintenance scheduled
2024-06-08 10:45:45 - WARNING: Database performance degraded
2024-06-08 10:46:30 - ERROR: Authentication error
2024-06-08 10:47:15 - INFO: Backup restore completed
2024-06-08 10:48:00 - WARNING: Server under heavy load
2024-06-08 10:49:30 - ERROR: Database deadlock
2024-06-08 10:50:15 - INFO: User profile updated